
> festalchemy@0.0.0 build
> vite build

[36mvite v8.0.14 [32mbuilding client environment for production...[36m[39m
[2K
transforming...Γ£ô 1778 modules transformed.
rendering chunks...
computing gzip size...
dist/index.html                   0.46 kB Γöé gzip:   0.29 kB
dist/assets/index-C872GmXT.css   18.00 kB Γöé gzip:   4.22 kB
dist/assets/index-DTYry_xY.js   459.14 kB Γöé gzip: 122.03 kB

node.exe : [33m[33m[PLUGIN_TIMINGS] [0mYour build spent significant time in plugins. Here is a breakdown:
At line:1 char:1
+ & "C:\Program Files\nodejs/node.exe" "C:\Program Files\nodejs/node_mo ...
+ ~~~~~~~~~~~~~~~~~~~~~~~~~~~~~~~~~~~~~~~~~~~~~~~~~~~~~~~~~~~~~~~~~~~~~
    + CategoryInfo          : NotSpecified: ([33m[33m[PLUG...is a breakdown::String) [], RemoteException
    + FullyQualifiedErrorId : NativeCommandError
 
  - @rolldown/plugin-babel (88%)
  - vite:css (10%)
See https://rolldown.rs/options/checks#plugintimings for more details.
[39m
[32mΓ£ô built in 39.72s[39m
